[compassionate-evolution-249498.framer.app/index.html]
[backblue.gif]
[fade.gif]
[index.html]
[framerusercontent.com/sites/icons/default-favicon-light.v1.png]
[framerusercontent.com/sites/icons/default-favicon-dark.v1.png]
[framerusercontent.com/sites/icons/default-touch-icon.v3.png]
[compassionate-evolution-249498.framer.app/old-home.html]
[framerusercontent.com/images/lhwJ3xU6u9hN1BxXImUsWR4rgmw.jpg]
[framerusercontent.com/images/NLoNNBEdzXc6kOzeGhO2jqFPjQ.jpg]
[framerusercontent.com/images/aDwYiclaUmINqHEAcdnxct61T8.jpg]
[framerusercontent.com/images/vIsGk9krpoqodinwjHvMWyBuko.jpg]
[framerusercontent.com/images/MvqukTdzP8xNqnZSHAWTXv5Inw.png]
[framerusercontent.com/images/UmtoyoD4qxQXhwJ9oVCUOXnjbWk.png]
[framerusercontent.com/images/wLUfrBQb3TRdHd0Dayr9zBiDP0.png]
[framerusercontent.com/images/d5AV2b5gMdh1e8O42MlErBAYMY0.jpg]
[framerusercontent.com/images/HpeWmEpFhDziT0TBURVFWONayX4.jpg]
[framerusercontent.com/images/dGZZDA4VNa25N5BPa9y7e3vwYr4.jpg]
[framerusercontent.com/images/xYOwgrXWaMkvx45hSR21jYfadi4.jpg]
[framerusercontent.com/images/K53binwPU7Q6kahberpnW7mkapo.jpg]
[framerusercontent.com/images/pi1W8H1YGmAIsqIJIBbXi6aMGYI.jpg]
[framerusercontent.com/images/beiPunQJJFYOLhA7XHOOWld0Pw0.jpg]
[framerusercontent.com/images/xGrcVkI0lG5bR8LPvzUo1A0gY.jpg]
[framerusercontent.com/images/iy04rmpLFgi1JtIW9jjGB4I8me4.jpg]
[framerusercontent.com/images/sJQOh6ACwbvhqRPjIHAvMJ2kQks.png]
[framerusercontent.com/images/GxMkRY79LC5iu8BRzDHvZyEzVM.jpg]
[framerusercontent.com/images/kfcqhaQnRBbZhtzXkViay1d3eA.jpg]
[compassionate-evolution-249498.framer.app/index.html]
[framerusercontent.com/assets/HmdrerONQcROexOtWYn2h02VwU.jpg]
[framerusercontent.com/images/gI4jhXa0fsVpwxdGfr2VyZAt6y0.jpg]
[compassionate-evolution-249498.framer.app/old-home.html]
